---
source: crates/biome_cli/tests/snap_test.rs
expression: content
snapshot_kind: text
---
## `biome.json`

```json
{
  "$schema": "https://biomejs.dev/schemas/0.0.0/schema.json",
  "organizeImports": {
    "enabled": true
  },
  "linter": {
    "ignore": ["**/build"],
    "enabled": true,
    "rules": {
      "recommended": true
    }
  }
}
```

## `build/file.js`

```js
value["optimizelyService"] = optimizelyService;

```

# Emitted Messages

```block
Formatted 1 file in <TIME>. Fixed 1 file.
```
